../Core/Src/main.c:112:10:Read_ADC_Value	8	static
../Core/Src/main.c:126:6:Set_DAC_Output	16	static
../Core/Src/main.c:148:5:main	136	static
../Core/Src/main.c:272:6:SystemClock_Config	128	static
../Core/Src/main.c:324:13:MX_ADC1_Init	48	static
../Core/Src/main.c:390:13:MX_DAC_Init	24	static
../Core/Src/main.c:430:13:MX_I2C1_Init	8	static
../Core/Src/main.c:478:13:MX_I2C2_Init	8	static
../Core/Src/main.c:526:13:MX_OPAMP1_Init	8	static
../Core/Src/main.c:556:13:MX_SPI1_Init	8	static
../Core/Src/main.c:596:13:MX_GPIO_Init	48	static
../Core/Src/main.c:654:16:platform_write	40	static
../Core/Src/main.c:676:16:platform_read	40	static
../Core/Src/main.c:695:13:platform_delay	16	static
../Core/Src/main.c:707:13:platform_init	4	static
../Core/Src/main.c:723:6:Error_Handler	4	static,ignoring_inline_asm
